// Jest Snapshot v1, https://goo.gl/fbAQLP

exports[`AppMap Tests matches snapshot 1`] = `<DocumentFragment />`;
